[33mΓ¥»[39m Building...
[32mΓ£ö[39m Building...
[1mInitial chunk files[22m[2m | [22m[1mNames[22m        [2m | [22m [1mRaw size[22m[2m | [22m[1mEstimated transfer size[22m
[32mmain-NSVKPMMM.js[39m   [2m | [22m[2mmain[22m         [2m | [22m[36m647.31 kB[39m[2m | [22m              [36m140.27 kB[39m
[32mstyles-GCG46GVC.css[39m[2m | [22m[2mstyles[22m       [2m | [22m [36m24.43 kB[39m[2m | [22m                [36m2.38 kB[39m

[1m [22m                  [2m | [22m[1mInitial total[22m[2m | [22m[1m[93m671.74 kB[39m[22m[2m | [22m              [1m142.65 kB[22m

Application bundle generation failed. [6.205 seconds] - 2026-03-17T12:34:28.957Z

node.exe : 
[1m[33m[33mΓû▓ 
[43;33m[[43;30mWAR
NING[43;33m][0m 
[1mbundle initial 
exceeded maximum 
budget. Budget 
500.00 kB was not 
met by 171.74 kB 
with a total of 
671.74 kB.[0m
At C:\Users\Andrei\
AppData\Roaming\npm
\ng.ps1:24 char:5
+     & "node$exe" 
 "$basedir/node_mod
ules/@angular/cli/b
in/ng.js" $arg ...
+     ~~~~~~~~~~~~~
~~~~~~~~~~~~~~~~~~~
~~~~~~~~~~~~~~~~~~~
~~~~~~~~~~~~~~
    + CategoryInfo 
             : No  
  tSpecified: (   
 [1m[33m[33mΓ    
... 671.74 kB.    
[0m:String) [    
], RemoteExcep    
tion
    + FullyQualifi 
   edErrorId : Na  
  tiveCommandErr   
 or
 


[33mΓû▓ [43;33m[
[43;30mWARNING[43;
33m][0m [1msrc/ap
p/app.css exceeded 
maximum budget. 
Budget 20.00 kB 
was not met by 
52.90 kB with a 
total of 72.90 
kB.[0m

[39m[22m
[1m[31m[31mX [4
1;31m[[41;97mERROR
[41;31m][0m [1ms
rc/app/app.css 
exceeded maximum 
budget. Budget 
30.00 kB was not 
met by 42.90 kB 
with a total of 
72.90 kB.[0m

[39m[22m
